
≡ƒÜ£ TEXT MINER BOT ONLINE
≡ƒÄ» Goal: 10 items about "AI"
≡ƒôª Compression: 5 items per text file
≡ƒô¥ Min Words: 100
≡ƒôæ Content Type: both

≡ƒöì Searching DuckDuckGo Lite...
   Response: 202, 14299 bytes
   Found 0 result-link elements
   Found 0 links from DDG Lite

≡ƒöì Searching Bing...
   Page 1: Found 0 new links (total: 0)

≡ƒöì Searching Google...
   Page 1: Found 0 new links (total: 0)

Γ£à Harvest Complete. Found 0 unique links.
Γ¥î No links found. Exiting.
